
> vite_react_shadcn_ts@0.0.0 build
> vite build

[36mvite v5.4.19 [32mbuilding for production...[36m[39m
transforming...
node.exe : Browserslist: browsers data 
(caniuse-lite) is 9 months old. Please run:
At C:\Program Files\nodejs\npm.ps1:29 char:3
+   & $NODE_EXE $NPM_CLI_JS $args
+   ~~~~~~~~~~~~~~~~~~~~~~~~~~~~~
    + CategoryInfo          : NotSpecified: ( 
   Browserslist: b...ld. Please run::String)  
   [], RemoteException
    + FullyQualifiedErrorId : NativeCommandEr 
   ror
 
  npx update-browserslist-db@latest
  Why you should do it regularly: https://gith
ub.com/browserslist/update-db#readme
[32mΓ£ô[39m 1625 modules transformed.
[31mx[39m Build failed in 2.05s
[31merror during build:
[31m[vite:load-fallback] Could not load C:\Pr
ojects\alvas_agriculture\src/components/AboutS
ection (imported by src/pages/Index.tsx): 
ENOENT: no such file or directory, open 'C:\Pr
ojects\alvas_agriculture\src\components\AboutS
ection'[31m
    at async open 
(node:internal/fs/promises:638:25)
    at async Object.readFile 
(node:internal/fs/promises:1242:14)
    at async Object.load (file:///C:/Projects/
alvas_agriculture/node_modules/vite/dist/node/
chunks/dep-C6uTJdX2.js:65341:25)
    at async 
PluginDriver.hookFirstAndGetPlugin (file:///C:
/Projects/alvas_agriculture/node_modules/rollu
p/dist/es/shared/node-entry.js:20630:28)
    at async file:///C:/Projects/alvas_agricul
ture/node_modules/rollup/dist/es/shared/node-e
ntry.js:19750:33
    at async Queue.work (file:///C:/Projects/a
lvas_agriculture/node_modules/rollup/dist/es/s
hared/node-entry.js:20840:32)[39m
